mode: set
github.com/apaarshrm39/tests/main.go:9.13,11.16 2 0
github.com/apaarshrm39/tests/main.go:15.2,15.21 1 0
github.com/apaarshrm39/tests/main.go:11.16,14.3 2 0
github.com/apaarshrm39/tests/main.go:18.44,20.12 2 1
github.com/apaarshrm39/tests/main.go:23.2,25.20 2 1
github.com/apaarshrm39/tests/main.go:20.12,22.3 1 1
